---
source: tests/cli_snapshots.rs
assertion_line: 23
expression: output
---
Wrote attestation draft to <ATTESTATION_PATH>
Review 3 claim(s), set every status to true, add evidence, set signed_at, then run `git commit` again.

# Attest commit signoff
#
# This file blocks the current git commit until every required claim is reviewed.
#
# Required procedure:
# 1. Inspect the staged diff for this commit.
# 2. Read each contract and each changed file listed below.
# 3. For each claim, set status to true only if the claim is actually satisfied.
# 4. Add concrete evidence from the diff for every true claim.
# 5. If any claim is false or unsure, do not sign. Report the blocker.
# 6. Set signed_at after reviewing every claim.
# 7. Run git commit again.
#
# Do not sign mechanically. This is not a checklist to rubber-stamp.

kind: attest.commit.v1
generated_at: <TIMESTAMP>
base: HEAD
base_sha: <SHA>
staged_tree: <SHA>
staged_diff_digest: blake3:<DIGEST>
signoff:
  agent_kind: codex
  agent_session: null
  signed_at: null
items:
- contract_path: AGENT_CONTRACT.yaml
  contract_digest: blake3:<DIGEST>
  module: repo
  source: directory
  claim_id: repo.parent_reviewed
  claim: I reviewed the repository-level impact.
  review_questions: []
  changed_files:
  - crates/engine/src/lib.rs
  evidence_required: true
  evidence: []
- contract_path: crates/engine/AGENT_CONTRACT.yaml
  contract_digest: blake3:<DIGEST>
  module: engine
  source: directory
  claim_id: engine.subfolder_reviewed
  claim: I reviewed the engine-level impact.
  review_questions: []
  changed_files:
  - crates/engine/src/lib.rs
  evidence_required: true
  evidence: []
- contract_path: crates/engine/src/lib.rs#attest:engine.guarded
  contract_digest: blake3:<DIGEST>
  module: engine
  source: inline
  target:
    kind: function
    path: crates/engine/src/lib.rs
    symbol: guarded
    start_line: 9
    end_line: 14
    contract_start_line: 1
    contract_end_line: 8
  claim_id: engine.no_test_case_heuristics
  claim: guarded does not add fixture-specific logic.
  review_questions: []
  changed_files:
  - crates/engine/src/lib.rs
  evidence_required: true
  evidence: []
